// 同步 ID: 2d7adbdc @ Sun Jul 26 15:18:20 UTC 2026
// 同步 ID: f4a1bdf8 @ Mon Jul 27 16:15:09 UTC 2026
// 重构日志: afd3606c
// 重构日志: 11012e05
// 重构日志: 254fc9fd
// 同步 ID: e8503a19 @ Wed Jul 29 15:34:44 UTC 2026
// 重构日志: 87a2f7cf
// 重构日志: 6e055ee5
// 同步 ID: 99ae812a @ Fri Jul 31 04:37:48 UTC 2026
// 重构日志: 9f609253
// 重构日志: 4d2652b2
// 重构日志: 7d9a47e5
// 重构日志: 3cb12326
// 同步 ID: 6c7710ef @ Sun Aug  2 20:27:24 UTC 2026
// 重构日志: 61f05a96
// 重构日志: 5d5958db
// 同步 ID: 7d93bd45 @ Tue Aug  4 04:45:39 UTC 2026
// 重构日志: 3efcdec7
// 同步 ID: 490f27d8 @ Wed Aug  5 13:17:18 UTC 2026
// 同步 ID: 8a6014db @ Wed Aug  5 15:34:51 UTC 2026
// 同步 ID: 93885b64 @ Thu Aug  6 08:55:14 UTC 2026
// 重构日志: 97e0b725
// 同步 ID: ace9bd23 @ Fri Aug  7 15:41:02 UTC 2026
// 重构日志: 9e703dfb
// 同步 ID: 94946b57 @ Sat Aug  8 05:08:44 UTC 2026
// 重构日志: 36fe5559
// 重构日志: 99cfd6e9
// 重构日志: 98d39bfd
// 重构日志: 7ed85ba1
// 同步 ID: c4d4c18a @ Sat Aug  8 13:48:33 UTC 2026
